// Jest Snapshot v1, https://goo.gl/fbAQLP

exports[`should process zone entities 1`] = `
Array [
  Object {
    "_class": Array [
      "DomainZone",
    ],
    "_key": "cloudflare_dns_zone:404fee157799ba12d44a636528ac7c8e",
    "_rawData": Array [
      Object {
        "name": "default",
        "rawData": Object {
          "account": Object {
            "id": "209732935e34e48e396793c87747fb54",
            "name": "erkang@gmail.com",
          },
          "activated_on": "2020-04-26T01:17:57.837679Z",
          "created_on": "2020-04-26T01:15:40.919665Z",
          "development_mode": 0,
          "id": "404fee157799ba12d44a636528ac7c8e",
          "meta": Object {
            "custom_certificate_quota": 0,
            "multiple_railguns_allowed": false,
            "page_rule_quota": 3,
            "phishing_detected": false,
            "step": 2,
            "wildcard_proxiable": false,
          },
          "modified_on": "2020-05-08T20:49:51.636508Z",
          "name": "erkang.com",
          "name_servers": Array [
            "dora.ns.cloudflare.com",
            "kirk.ns.cloudflare.com",
          ],
          "original_dnshost": null,
          "original_name_servers": Array [
            "ns0.dnsmadeeasy.com",
            "ns1.dnsmadeeasy.com",
            "ns2.dnsmadeeasy.com",
            "ns3.dnsmadeeasy.com",
            "ns4.dnsmadeeasy.com",
          ],
          "original_registrar": "godaddy.com, llc (id: 146)",
          "owner": Object {
            "email": "erkang@gmail.com",
            "id": "5f0f00a3aba833b320f495a71f2e9956",
            "type": "user",
          },
          "paused": false,
          "permissions": Array [
            "#access:edit",
            "#access:read",
            "#analytics:read",
            "#app:edit",
            "#auditlogs:read",
            "#billing:edit",
            "#billing:read",
            "#cache_purge:edit",
            "#dns_records:edit",
            "#dns_records:read",
            "#lb:edit",
            "#lb:read",
            "#legal:edit",
            "#legal:read",
            "#logs:edit",
            "#logs:read",
            "#member:edit",
            "#member:read",
            "#organization:edit",
            "#organization:read",
            "#ssl:edit",
            "#ssl:read",
            "#stream:edit",
            "#stream:read",
            "#subscription:edit",
            "#subscription:read",
            "#teams:edit",
            "#teams:read",
            "#teams:report",
            "#waf:edit",
            "#waf:read",
            "#webhooks:edit",
            "#webhooks:read",
            "#worker:edit",
            "#worker:read",
            "#zone:edit",
            "#zone:read",
            "#zone_settings:edit",
            "#zone_settings:read",
          ],
          "plan": Object {
            "can_subscribe": false,
            "currency": "USD",
            "externally_managed": false,
            "frequency": "",
            "id": "0feeeeeeeeeeeeeeeeeeeeeeeeeeeeee",
            "is_subscribed": false,
            "legacy_discount": false,
            "legacy_id": "free",
            "name": "Free Website",
            "price": 0,
          },
          "status": "active",
          "type": "full",
        },
      },
    ],
    "_type": "cloudflare_dns_zone",
    "accountId": "209732935e34e48e396793c87747fb54",
    "accountName": "erkang@gmail.com",
    "activatedOn": 1587863877837,
    "active": true,
    "createdOn": 1587863740919,
    "customCertificateQuota": 0,
    "developmentMode": 0,
    "displayName": "erkang.com",
    "domainName": "erkang.com",
    "id": "404fee157799ba12d44a636528ac7c8e",
    "modifiedOn": 1588970991636,
    "multipleRailgunsAllowed": false,
    "name": "erkang.com",
    "nameServers": Array [
      "dora.ns.cloudflare.com",
      "kirk.ns.cloudflare.com",
    ],
    "originalNameServers": Array [
      "ns0.dnsmadeeasy.com",
      "ns1.dnsmadeeasy.com",
      "ns2.dnsmadeeasy.com",
      "ns3.dnsmadeeasy.com",
      "ns4.dnsmadeeasy.com",
    ],
    "originalRegistrar": "godaddy.com, llc (id: 146)",
    "owner": undefined,
    "ownerEmail": "erkang@gmail.com",
    "ownerId": "5f0f00a3aba833b320f495a71f2e9956",
    "ownerType": "user",
    "pageRuleQuota": 3,
    "paused": false,
    "permissions": Array [
      "#access:edit",
      "#access:read",
      "#analytics:read",
      "#app:edit",
      "#auditlogs:read",
      "#billing:edit",
      "#billing:read",
      "#cache_purge:edit",
      "#dns_records:edit",
      "#dns_records:read",
      "#lb:edit",
      "#lb:read",
      "#legal:edit",
      "#legal:read",
      "#logs:edit",
      "#logs:read",
      "#member:edit",
      "#member:read",
      "#organization:edit",
      "#organization:read",
      "#ssl:edit",
      "#ssl:read",
      "#stream:edit",
      "#stream:read",
      "#subscription:edit",
      "#subscription:read",
      "#teams:edit",
      "#teams:read",
      "#teams:report",
      "#waf:edit",
      "#waf:read",
      "#webhooks:edit",
      "#webhooks:read",
      "#worker:edit",
      "#worker:read",
      "#zone:edit",
      "#zone:read",
      "#zone_settings:edit",
      "#zone_settings:read",
    ],
    "phishingDetected": false,
    "status": "active",
    "step": 2,
    "type": "full",
    "wildcardProxiable": false,
  },
  Object {
    "TTL": 1,
    "_class": Array [
      "DomainRecord",
    ],
    "_key": "cloudflare_dns_record:2df84cd0993c2bd7d688cc1746fded19",
    "_rawData": Array [
      Object {
        "name": "default",
        "rawData": Object {
          "content": "192.168.1.101",
          "created_on": "2020-04-26T01:15:45.694056Z",
          "id": "2df84cd0993c2bd7d688cc1746fded19",
          "locked": false,
          "meta": Object {
            "auto_added": false,
            "managed_by_apps": false,
            "managed_by_argo_tunnel": false,
            "source": "primary",
          },
          "modified_on": "2020-04-26T01:15:45.694056Z",
          "name": "ds.erkang.com",
          "proxiable": false,
          "proxied": false,
          "ttl": 1,
          "type": "A",
          "zone_id": "404fee157799ba12d44a636528ac7c8e",
          "zone_name": "erkang.com",
        },
      },
    ],
    "_type": "cloudflare_dns_record",
    "autoAdded": false,
    "content": "192.168.1.101",
    "createdOn": 1587863745694,
    "displayName": "ds.erkang.com",
    "id": "2df84cd0993c2bd7d688cc1746fded19",
    "locked": false,
    "managedByApps": false,
    "managedByArgoTunnel": false,
    "modifiedOn": 1587863745694,
    "name": "ds.erkang.com",
    "proxiable": false,
    "proxied": false,
    "source": "primary",
    "ttl": 1,
    "type": "A",
    "value": "192.168.1.101",
    "zoneId": "404fee157799ba12d44a636528ac7c8e",
    "zoneName": "erkang.com",
  },
  Object {
    "TTL": 1,
    "_class": Array [
      "DomainRecord",
    ],
    "_key": "cloudflare_dns_record:4131a52ae53afc33d2aa8f28245463c6",
    "_rawData": Array [
      Object {
        "name": "default",
        "rawData": Object {
          "content": "96.45.83.246",
          "created_on": "2020-04-26T01:15:45.621488Z",
          "id": "4131a52ae53afc33d2aa8f28245463c6",
          "locked": false,
          "meta": Object {
            "auto_added": false,
            "managed_by_apps": false,
            "managed_by_argo_tunnel": false,
            "source": "primary",
          },
          "modified_on": "2020-04-26T01:15:45.621488Z",
          "name": "erkang.com",
          "proxiable": true,
          "proxied": true,
          "ttl": 1,
          "type": "A",
          "zone_id": "404fee157799ba12d44a636528ac7c8e",
          "zone_name": "erkang.com",
        },
      },
    ],
    "_type": "cloudflare_dns_record",
    "autoAdded": false,
    "content": "96.45.83.246",
    "createdOn": 1587863745621,
    "displayName": "erkang.com",
    "id": "4131a52ae53afc33d2aa8f28245463c6",
    "locked": false,
    "managedByApps": false,
    "managedByArgoTunnel": false,
    "modifiedOn": 1587863745621,
    "name": "erkang.com",
    "proxiable": true,
    "proxied": true,
    "source": "primary",
    "ttl": 1,
    "type": "A",
    "value": "96.45.83.246",
    "zoneId": "404fee157799ba12d44a636528ac7c8e",
    "zoneName": "erkang.com",
  },
  Object {
    "TTL": 1,
    "_class": Array [
      "DomainRecord",
    ],
    "_key": "cloudflare_dns_record:7d11eb22e747500e64d607009613d0f8",
    "_rawData": Array [
      Object {
        "name": "default",
        "rawData": Object {
          "content": "96.45.82.232",
          "created_on": "2020-04-26T01:15:45.615855Z",
          "id": "7d11eb22e747500e64d607009613d0f8",
          "locked": false,
          "meta": Object {
            "auto_added": false,
            "managed_by_apps": false,
            "managed_by_argo_tunnel": false,
            "source": "primary",
          },
          "modified_on": "2020-04-26T01:15:45.615855Z",
          "name": "erkang.com",
          "proxiable": true,
          "proxied": true,
          "ttl": 1,
          "type": "A",
          "zone_id": "404fee157799ba12d44a636528ac7c8e",
          "zone_name": "erkang.com",
        },
      },
    ],
    "_type": "cloudflare_dns_record",
    "autoAdded": false,
    "content": "96.45.82.232",
    "createdOn": 1587863745615,
    "displayName": "erkang.com",
    "id": "7d11eb22e747500e64d607009613d0f8",
    "locked": false,
    "managedByApps": false,
    "managedByArgoTunnel": false,
    "modifiedOn": 1587863745615,
    "name": "erkang.com",
    "proxiable": true,
    "proxied": true,
    "source": "primary",
    "ttl": 1,
    "type": "A",
    "value": "96.45.82.232",
    "zoneId": "404fee157799ba12d44a636528ac7c8e",
    "zoneName": "erkang.com",
  },
  Object {
    "TTL": 1,
    "_class": Array [
      "DomainRecord",
    ],
    "_key": "cloudflare_dns_record:fe3a0c48c6d10bf2cfb0db6f6365ccf5",
    "_rawData": Array [
      Object {
        "name": "default",
        "rawData": Object {
          "content": "96.45.83.8",
          "created_on": "2020-04-26T01:15:45.608564Z",
          "id": "fe3a0c48c6d10bf2cfb0db6f6365ccf5",
          "locked": false,
          "meta": Object {
            "auto_added": false,
            "managed_by_apps": false,
            "managed_by_argo_tunnel": false,
            "source": "primary",
          },
          "modified_on": "2020-04-26T01:15:45.608564Z",
          "name": "erkang.com",
          "proxiable": true,
          "proxied": true,
          "ttl": 1,
          "type": "A",
          "zone_id": "404fee157799ba12d44a636528ac7c8e",
          "zone_name": "erkang.com",
        },
      },
    ],
    "_type": "cloudflare_dns_record",
    "autoAdded": false,
    "content": "96.45.83.8",
    "createdOn": 1587863745608,
    "displayName": "erkang.com",
    "id": "fe3a0c48c6d10bf2cfb0db6f6365ccf5",
    "locked": false,
    "managedByApps": false,
    "managedByArgoTunnel": false,
    "modifiedOn": 1587863745608,
    "name": "erkang.com",
    "proxiable": true,
    "proxied": true,
    "source": "primary",
    "ttl": 1,
    "type": "A",
    "value": "96.45.83.8",
    "zoneId": "404fee157799ba12d44a636528ac7c8e",
    "zoneName": "erkang.com",
  },
  Object {
    "TTL": 1,
    "_class": Array [
      "DomainRecord",
    ],
    "_key": "cloudflare_dns_record:c20a53c5fcf75b6d1eb9fc0967bd5b3f",
    "_rawData": Array [
      Object {
        "name": "default",
        "rawData": Object {
          "content": "96.45.82.21",
          "created_on": "2020-04-26T01:15:45.601311Z",
          "id": "c20a53c5fcf75b6d1eb9fc0967bd5b3f",
          "locked": false,
          "meta": Object {
            "auto_added": false,
            "managed_by_apps": false,
            "managed_by_argo_tunnel": false,
            "source": "primary",
          },
          "modified_on": "2020-04-26T01:15:45.601311Z",
          "name": "erkang.com",
          "proxiable": true,
          "proxied": true,
          "ttl": 1,
          "type": "A",
          "zone_id": "404fee157799ba12d44a636528ac7c8e",
          "zone_name": "erkang.com",
        },
      },
    ],
    "_type": "cloudflare_dns_record",
    "autoAdded": false,
    "content": "96.45.82.21",
    "createdOn": 1587863745601,
    "displayName": "erkang.com",
    "id": "c20a53c5fcf75b6d1eb9fc0967bd5b3f",
    "locked": false,
    "managedByApps": false,
    "managedByArgoTunnel": false,
    "modifiedOn": 1587863745601,
    "name": "erkang.com",
    "proxiable": true,
    "proxied": true,
    "source": "primary",
    "ttl": 1,
    "type": "A",
    "value": "96.45.82.21",
    "zoneId": "404fee157799ba12d44a636528ac7c8e",
    "zoneName": "erkang.com",
  },
  Object {
    "TTL": 1,
    "_class": Array [
      "DomainRecord",
    ],
    "_key": "cloudflare_dns_record:44daecc30a2e3dd117bc227656f76947",
    "_rawData": Array [
      Object {
        "name": "default",
        "rawData": Object {
          "content": "1.1.1.1",
          "created_on": "2020-04-26T01:15:45.687348Z",
          "id": "44daecc30a2e3dd117bc227656f76947",
          "locked": false,
          "meta": Object {
            "auto_added": false,
            "managed_by_apps": false,
            "managed_by_argo_tunnel": false,
            "source": "primary",
          },
          "modified_on": "2020-04-26T01:15:45.687348Z",
          "name": "one.erkang.com",
          "proxiable": true,
          "proxied": true,
          "ttl": 1,
          "type": "A",
          "zone_id": "404fee157799ba12d44a636528ac7c8e",
          "zone_name": "erkang.com",
        },
      },
    ],
    "_type": "cloudflare_dns_record",
    "autoAdded": false,
    "content": "1.1.1.1",
    "createdOn": 1587863745687,
    "displayName": "one.erkang.com",
    "id": "44daecc30a2e3dd117bc227656f76947",
    "locked": false,
    "managedByApps": false,
    "managedByArgoTunnel": false,
    "modifiedOn": 1587863745687,
    "name": "one.erkang.com",
    "proxiable": true,
    "proxied": true,
    "source": "primary",
    "ttl": 1,
    "type": "A",
    "value": "1.1.1.1",
    "zoneId": "404fee157799ba12d44a636528ac7c8e",
    "zoneName": "erkang.com",
  },
  Object {
    "TTL": 1,
    "_class": Array [
      "DomainRecord",
    ],
    "_key": "cloudflare_dns_record:d5d9b63adfba34dfff0ada9fb34bd12d",
    "_rawData": Array [
      Object {
        "name": "default",
        "rawData": Object {
          "content": "71.70.205.4",
          "created_on": "2020-04-26T01:15:45.659765Z",
          "id": "d5d9b63adfba34dfff0ada9fb34bd12d",
          "locked": false,
          "meta": Object {
            "auto_added": false,
            "managed_by_apps": false,
            "managed_by_argo_tunnel": false,
            "source": "primary",
          },
          "modified_on": "2020-04-26T01:15:45.659765Z",
          "name": "static.erkang.com",
          "proxiable": true,
          "proxied": true,
          "ttl": 1,
          "type": "A",
          "zone_id": "404fee157799ba12d44a636528ac7c8e",
          "zone_name": "erkang.com",
        },
      },
    ],
    "_type": "cloudflare_dns_record",
    "autoAdded": false,
    "content": "71.70.205.4",
    "createdOn": 1587863745659,
    "displayName": "static.erkang.com",
    "id": "d5d9b63adfba34dfff0ada9fb34bd12d",
    "locked": false,
    "managedByApps": false,
    "managedByArgoTunnel": false,
    "modifiedOn": 1587863745659,
    "name": "static.erkang.com",
    "proxiable": true,
    "proxied": true,
    "source": "primary",
    "ttl": 1,
    "type": "A",
    "value": "71.70.205.4",
    "zoneId": "404fee157799ba12d44a636528ac7c8e",
    "zoneName": "erkang.com",
  },
  Object {
    "TTL": 1,
    "_class": Array [
      "DomainRecord",
    ],
    "_key": "cloudflare_dns_record:aaa6b3c317bd3948b2f65a29d8451d4c",
    "_rawData": Array [
      Object {
        "name": "default",
        "rawData": Object {
          "content": "192.168.1.11",
          "created_on": "2020-04-26T01:15:45.672441Z",
          "id": "aaa6b3c317bd3948b2f65a29d8451d4c",
          "locked": false,
          "meta": Object {
            "auto_added": false,
            "managed_by_apps": false,
            "managed_by_argo_tunnel": false,
            "source": "primary",
          },
          "modified_on": "2020-04-26T01:15:45.672441Z",
          "name": "unifi.erkang.com",
          "proxiable": false,
          "proxied": false,
          "ttl": 1,
          "type": "A",
          "zone_id": "404fee157799ba12d44a636528ac7c8e",
          "zone_name": "erkang.com",
        },
      },
    ],
    "_type": "cloudflare_dns_record",
    "autoAdded": false,
    "content": "192.168.1.11",
    "createdOn": 1587863745672,
    "displayName": "unifi.erkang.com",
    "id": "aaa6b3c317bd3948b2f65a29d8451d4c",
    "locked": false,
    "managedByApps": false,
    "managedByArgoTunnel": false,
    "modifiedOn": 1587863745672,
    "name": "unifi.erkang.com",
    "proxiable": false,
    "proxied": false,
    "source": "primary",
    "ttl": 1,
    "type": "A",
    "value": "192.168.1.11",
    "zoneId": "404fee157799ba12d44a636528ac7c8e",
    "zoneName": "erkang.com",
  },
  Object {
    "TTL": 1,
    "_class": Array [
      "DomainRecord",
    ],
    "_key": "cloudflare_dns_record:c0f2a97cec62f3b2b8e13c11eb3ba688",
    "_rawData": Array [
      Object {
        "name": "default",
        "rawData": Object {
          "content": "96.45.83.246",
          "created_on": "2020-04-26T01:15:45.647222Z",
          "id": "c0f2a97cec62f3b2b8e13c11eb3ba688",
          "locked": false,
          "meta": Object {
            "auto_added": false,
            "managed_by_apps": false,
            "managed_by_argo_tunnel": false,
            "source": "primary",
          },
          "modified_on": "2020-04-26T01:15:45.647222Z",
          "name": "www.erkang.com",
          "proxiable": true,
          "proxied": true,
          "ttl": 1,
          "type": "A",
          "zone_id": "404fee157799ba12d44a636528ac7c8e",
          "zone_name": "erkang.com",
        },
      },
    ],
    "_type": "cloudflare_dns_record",
    "autoAdded": false,
    "content": "96.45.83.246",
    "createdOn": 1587863745647,
    "displayName": "www.erkang.com",
    "id": "c0f2a97cec62f3b2b8e13c11eb3ba688",
    "locked": false,
    "managedByApps": false,
    "managedByArgoTunnel": false,
    "modifiedOn": 1587863745647,
    "name": "www.erkang.com",
    "proxiable": true,
    "proxied": true,
    "source": "primary",
    "ttl": 1,
    "type": "A",
    "value": "96.45.83.246",
    "zoneId": "404fee157799ba12d44a636528ac7c8e",
    "zoneName": "erkang.com",
  },
  Object {
    "TTL": 1,
    "_class": Array [
      "DomainRecord",
    ],
    "_key": "cloudflare_dns_record:5efc961b99ae3f03ad6bdb51277d6a3c",
    "_rawData": Array [
      Object {
        "name": "default",
        "rawData": Object {
          "content": "96.45.82.21",
          "created_on": "2020-04-26T01:15:45.641257Z",
          "id": "5efc961b99ae3f03ad6bdb51277d6a3c",
          "locked": false,
          "meta": Object {
            "auto_added": false,
            "managed_by_apps": false,
            "managed_by_argo_tunnel": false,
            "source": "primary",
          },
          "modified_on": "2020-04-26T01:15:45.641257Z",
          "name": "www.erkang.com",
          "proxiable": true,
          "proxied": true,
          "ttl": 1,
          "type": "A",
          "zone_id": "404fee157799ba12d44a636528ac7c8e",
          "zone_name": "erkang.com",
        },
      },
    ],
    "_type": "cloudflare_dns_record",
    "autoAdded": false,
    "content": "96.45.82.21",
    "createdOn": 1587863745641,
    "displayName": "www.erkang.com",
    "id": "5efc961b99ae3f03ad6bdb51277d6a3c",
    "locked": false,
    "managedByApps": false,
    "managedByArgoTunnel": false,
    "modifiedOn": 1587863745641,
    "name": "www.erkang.com",
    "proxiable": true,
    "proxied": true,
    "source": "primary",
    "ttl": 1,
    "type": "A",
    "value": "96.45.82.21",
    "zoneId": "404fee157799ba12d44a636528ac7c8e",
    "zoneName": "erkang.com",
  },
  Object {
    "TTL": 1,
    "_class": Array [
      "DomainRecord",
    ],
    "_key": "cloudflare_dns_record:d8bd4da497f24f7d6b8aa221ca7c41c4",
    "_rawData": Array [
      Object {
        "name": "default",
        "rawData": Object {
          "content": "96.45.83.8",
          "created_on": "2020-04-26T01:15:45.634137Z",
          "id": "d8bd4da497f24f7d6b8aa221ca7c41c4",
          "locked": false,
          "meta": Object {
            "auto_added": false,
            "managed_by_apps": false,
            "managed_by_argo_tunnel": false,
            "source": "primary",
          },
          "modified_on": "2020-04-26T01:15:45.634137Z",
          "name": "www.erkang.com",
          "proxiable": true,
          "proxied": true,
          "ttl": 1,
          "type": "A",
          "zone_id": "404fee157799ba12d44a636528ac7c8e",
          "zone_name": "erkang.com",
        },
      },
    ],
    "_type": "cloudflare_dns_record",
    "autoAdded": false,
    "content": "96.45.83.8",
    "createdOn": 1587863745634,
    "displayName": "www.erkang.com",
    "id": "d8bd4da497f24f7d6b8aa221ca7c41c4",
    "locked": false,
    "managedByApps": false,
    "managedByArgoTunnel": false,
    "modifiedOn": 1587863745634,
    "name": "www.erkang.com",
    "proxiable": true,
    "proxied": true,
    "source": "primary",
    "ttl": 1,
    "type": "A",
    "value": "96.45.83.8",
    "zoneId": "404fee157799ba12d44a636528ac7c8e",
    "zoneName": "erkang.com",
  },
  Object {
    "TTL": 1,
    "_class": Array [
      "DomainRecord",
    ],
    "_key": "cloudflare_dns_record:d191fae8e7fd047561b23a29962c59cd",
    "_rawData": Array [
      Object {
        "name": "default",
        "rawData": Object {
          "content": "96.45.82.232",
          "created_on": "2020-04-26T01:15:45.627678Z",
          "id": "d191fae8e7fd047561b23a29962c59cd",
          "locked": false,
          "meta": Object {
            "auto_added": false,
            "managed_by_apps": false,
            "managed_by_argo_tunnel": false,
            "source": "primary",
          },
          "modified_on": "2020-04-26T01:15:45.627678Z",
          "name": "www.erkang.com",
          "proxiable": true,
          "proxied": true,
          "ttl": 1,
          "type": "A",
          "zone_id": "404fee157799ba12d44a636528ac7c8e",
          "zone_name": "erkang.com",
        },
      },
    ],
    "_type": "cloudflare_dns_record",
    "autoAdded": false,
    "content": "96.45.82.232",
    "createdOn": 1587863745627,
    "displayName": "www.erkang.com",
    "id": "d191fae8e7fd047561b23a29962c59cd",
    "locked": false,
    "managedByApps": false,
    "managedByArgoTunnel": false,
    "modifiedOn": 1587863745627,
    "name": "www.erkang.com",
    "proxiable": true,
    "proxied": true,
    "source": "primary",
    "ttl": 1,
    "type": "A",
    "value": "96.45.82.232",
    "zoneId": "404fee157799ba12d44a636528ac7c8e",
    "zoneName": "erkang.com",
  },
  Object {
    "TTL": 1,
    "_class": Array [
      "DomainRecord",
    ],
    "_key": "cloudflare_dns_record:fd79d98432a95db078695005eb4c35ac",
    "_rawData": Array [
      Object {
        "name": "default",
        "rawData": Object {
          "content": "ghs.google.com",
          "created_on": "2020-04-26T01:15:45.654132Z",
          "id": "fd79d98432a95db078695005eb4c35ac",
          "locked": false,
          "meta": Object {
            "auto_added": false,
            "managed_by_apps": false,
            "managed_by_argo_tunnel": false,
            "source": "primary",
          },
          "modified_on": "2020-04-26T01:15:45.654132Z",
          "name": "blog.erkang.com",
          "proxiable": true,
          "proxied": true,
          "ttl": 1,
          "type": "CNAME",
          "zone_id": "404fee157799ba12d44a636528ac7c8e",
          "zone_name": "erkang.com",
        },
      },
    ],
    "_type": "cloudflare_dns_record",
    "autoAdded": false,
    "content": "ghs.google.com",
    "createdOn": 1587863745654,
    "displayName": "blog.erkang.com",
    "id": "fd79d98432a95db078695005eb4c35ac",
    "locked": false,
    "managedByApps": false,
    "managedByArgoTunnel": false,
    "modifiedOn": 1587863745654,
    "name": "blog.erkang.com",
    "proxiable": true,
    "proxied": true,
    "source": "primary",
    "ttl": 1,
    "type": "CNAME",
    "value": "ghs.google.com",
    "zoneId": "404fee157799ba12d44a636528ac7c8e",
    "zoneName": "erkang.com",
  },
  Object {
    "TTL": 1,
    "_class": Array [
      "DomainRecord",
    ],
    "_key": "cloudflare_dns_record:4e86b2e4a519dc909753475e11c8238a",
    "_rawData": Array [
      Object {
        "name": "default",
        "rawData": Object {
          "content": "ez.ddns.net",
          "created_on": "2020-04-26T01:15:45.665746Z",
          "id": "4e86b2e4a519dc909753475e11c8238a",
          "locked": false,
          "meta": Object {
            "auto_added": false,
            "managed_by_apps": false,
            "managed_by_argo_tunnel": false,
            "source": "primary",
          },
          "modified_on": "2020-04-26T01:15:45.665746Z",
          "name": "home.erkang.com",
          "proxiable": true,
          "proxied": true,
          "ttl": 1,
          "type": "CNAME",
          "zone_id": "404fee157799ba12d44a636528ac7c8e",
          "zone_name": "erkang.com",
        },
      },
    ],
    "_type": "cloudflare_dns_record",
    "autoAdded": false,
    "content": "ez.ddns.net",
    "createdOn": 1587863745665,
    "displayName": "home.erkang.com",
    "id": "4e86b2e4a519dc909753475e11c8238a",
    "locked": false,
    "managedByApps": false,
    "managedByArgoTunnel": false,
    "modifiedOn": 1587863745665,
    "name": "home.erkang.com",
    "proxiable": true,
    "proxied": true,
    "source": "primary",
    "ttl": 1,
    "type": "CNAME",
    "value": "ez.ddns.net",
    "zoneId": "404fee157799ba12d44a636528ac7c8e",
    "zoneName": "erkang.com",
  },
  Object {
    "TTL": 1,
    "_class": Array [
      "DomainRecord",
    ],
    "_key": "cloudflare_dns_record:e450cbedf4a947831b75bc4f767483ca",
    "_rawData": Array [
      Object {
        "name": "default",
        "rawData": Object {
          "content": "ez.ddns.net",
          "created_on": "2020-04-26T01:15:45.679609Z",
          "id": "e450cbedf4a947831b75bc4f767483ca",
          "locked": false,
          "meta": Object {
            "auto_added": false,
            "managed_by_apps": false,
            "managed_by_argo_tunnel": false,
            "source": "primary",
          },
          "modified_on": "2020-04-26T01:15:45.679609Z",
          "name": "remote.erkang.com",
          "proxiable": true,
          "proxied": true,
          "ttl": 1,
          "type": "CNAME",
          "zone_id": "404fee157799ba12d44a636528ac7c8e",
          "zone_name": "erkang.com",
        },
      },
    ],
    "_type": "cloudflare_dns_record",
    "autoAdded": false,
    "content": "ez.ddns.net",
    "createdOn": 1587863745679,
    "displayName": "remote.erkang.com",
    "id": "e450cbedf4a947831b75bc4f767483ca",
    "locked": false,
    "managedByApps": false,
    "managedByArgoTunnel": false,
    "modifiedOn": 1587863745679,
    "name": "remote.erkang.com",
    "proxiable": true,
    "proxied": true,
    "source": "primary",
    "ttl": 1,
    "type": "CNAME",
    "value": "ez.ddns.net",
    "zoneId": "404fee157799ba12d44a636528ac7c8e",
    "zoneName": "erkang.com",
  },
  Object {
    "TTL": 1,
    "_class": Array [
      "DomainRecord",
    ],
    "_key": "cloudflare_dns_record:e387525274f19242013b9dcde02eb0ac",
    "_rawData": Array [
      Object {
        "name": "default",
        "rawData": Object {
          "content": "aspmx3.googlemail.com",
          "created_on": "2020-04-26T01:15:45.59602Z",
          "id": "e387525274f19242013b9dcde02eb0ac",
          "locked": false,
          "meta": Object {
            "auto_added": false,
            "managed_by_apps": false,
            "managed_by_argo_tunnel": false,
            "source": "primary",
          },
          "modified_on": "2020-04-26T01:15:45.59602Z",
          "name": "erkang.com",
          "priority": 10,
          "proxiable": false,
          "proxied": false,
          "ttl": 1,
          "type": "MX",
          "zone_id": "404fee157799ba12d44a636528ac7c8e",
          "zone_name": "erkang.com",
        },
      },
    ],
    "_type": "cloudflare_dns_record",
    "autoAdded": false,
    "content": "aspmx3.googlemail.com",
    "createdOn": 1587863745596,
    "displayName": "erkang.com",
    "id": "e387525274f19242013b9dcde02eb0ac",
    "locked": false,
    "managedByApps": false,
    "managedByArgoTunnel": false,
    "modifiedOn": 1587863745596,
    "name": "erkang.com",
    "priority": 10,
    "proxiable": false,
    "proxied": false,
    "source": "primary",
    "ttl": 1,
    "type": "MX",
    "value": "aspmx3.googlemail.com",
    "zoneId": "404fee157799ba12d44a636528ac7c8e",
    "zoneName": "erkang.com",
  },
  Object {
    "TTL": 1,
    "_class": Array [
      "DomainRecord",
    ],
    "_key": "cloudflare_dns_record:10b088eec141d97fe9aa7c8c4c7c1287",
    "_rawData": Array [
      Object {
        "name": "default",
        "rawData": Object {
          "content": "aspmx4.googlemail.com",
          "created_on": "2020-04-26T01:15:45.590727Z",
          "id": "10b088eec141d97fe9aa7c8c4c7c1287",
          "locked": false,
          "meta": Object {
            "auto_added": false,
            "managed_by_apps": false,
            "managed_by_argo_tunnel": false,
            "source": "primary",
          },
          "modified_on": "2020-04-26T01:15:45.590727Z",
          "name": "erkang.com",
          "priority": 10,
          "proxiable": false,
          "proxied": false,
          "ttl": 1,
          "type": "MX",
          "zone_id": "404fee157799ba12d44a636528ac7c8e",
          "zone_name": "erkang.com",
        },
      },
    ],
    "_type": "cloudflare_dns_record",
    "autoAdded": false,
    "content": "aspmx4.googlemail.com",
    "createdOn": 1587863745590,
    "displayName": "erkang.com",
    "id": "10b088eec141d97fe9aa7c8c4c7c1287",
    "locked": false,
    "managedByApps": false,
    "managedByArgoTunnel": false,
    "modifiedOn": 1587863745590,
    "name": "erkang.com",
    "priority": 10,
    "proxiable": false,
    "proxied": false,
    "source": "primary",
    "ttl": 1,
    "type": "MX",
    "value": "aspmx4.googlemail.com",
    "zoneId": "404fee157799ba12d44a636528ac7c8e",
    "zoneName": "erkang.com",
  },
  Object {
    "TTL": 1,
    "_class": Array [
      "DomainRecord",
    ],
    "_key": "cloudflare_dns_record:10ce88d42ce8cb7297ddd30568a3ffca",
    "_rawData": Array [
      Object {
        "name": "default",
        "rawData": Object {
          "content": "aspmx.l.google.com",
          "created_on": "2020-04-26T01:15:45.583491Z",
          "id": "10ce88d42ce8cb7297ddd30568a3ffca",
          "locked": false,
          "meta": Object {
            "auto_added": false,
            "managed_by_apps": false,
            "managed_by_argo_tunnel": false,
            "source": "primary",
          },
          "modified_on": "2020-04-26T01:15:45.583491Z",
          "name": "erkang.com",
          "priority": 1,
          "proxiable": false,
          "proxied": false,
          "ttl": 1,
          "type": "MX",
          "zone_id": "404fee157799ba12d44a636528ac7c8e",
          "zone_name": "erkang.com",
        },
      },
    ],
    "_type": "cloudflare_dns_record",
    "autoAdded": false,
    "content": "aspmx.l.google.com",
    "createdOn": 1587863745583,
    "displayName": "erkang.com",
    "id": "10ce88d42ce8cb7297ddd30568a3ffca",
    "locked": false,
    "managedByApps": false,
    "managedByArgoTunnel": false,
    "modifiedOn": 1587863745583,
    "name": "erkang.com",
    "priority": 1,
    "proxiable": false,
    "proxied": false,
    "source": "primary",
    "ttl": 1,
    "type": "MX",
    "value": "aspmx.l.google.com",
    "zoneId": "404fee157799ba12d44a636528ac7c8e",
    "zoneName": "erkang.com",
  },
  Object {
    "TTL": 1,
    "_class": Array [
      "DomainRecord",
    ],
    "_key": "cloudflare_dns_record:28c1007471b8aecff5c3b1ac3cc687c4",
    "_rawData": Array [
      Object {
        "name": "default",
        "rawData": Object {
          "content": "aspmx2.googlemail.com",
          "created_on": "2020-04-26T01:15:45.577383Z",
          "id": "28c1007471b8aecff5c3b1ac3cc687c4",
          "locked": false,
          "meta": Object {
            "auto_added": false,
            "managed_by_apps": false,
            "managed_by_argo_tunnel": false,
            "source": "primary",
          },
          "modified_on": "2020-04-26T01:15:45.577383Z",
          "name": "erkang.com",
          "priority": 10,
          "proxiable": false,
          "proxied": false,
          "ttl": 1,
          "type": "MX",
          "zone_id": "404fee157799ba12d44a636528ac7c8e",
          "zone_name": "erkang.com",
        },
      },
    ],
    "_type": "cloudflare_dns_record",
    "autoAdded": false,
    "content": "aspmx2.googlemail.com",
    "createdOn": 1587863745577,
    "displayName": "erkang.com",
    "id": "28c1007471b8aecff5c3b1ac3cc687c4",
    "locked": false,
    "managedByApps": false,
    "managedByArgoTunnel": false,
    "modifiedOn": 1587863745577,
    "name": "erkang.com",
    "priority": 10,
    "proxiable": false,
    "proxied": false,
    "source": "primary",
    "ttl": 1,
    "type": "MX",
    "value": "aspmx2.googlemail.com",
    "zoneId": "404fee157799ba12d44a636528ac7c8e",
    "zoneName": "erkang.com",
  },
  Object {
    "TTL": 1,
    "_class": Array [
      "DomainRecord",
    ],
    "_key": "cloudflare_dns_record:751ae08f9a3ad8d70fc063e97d60bfb7",
    "_rawData": Array [
      Object {
        "name": "default",
        "rawData": Object {
          "content": "aspmx5.googlemail.com",
          "created_on": "2020-04-26T01:15:45.572109Z",
          "id": "751ae08f9a3ad8d70fc063e97d60bfb7",
          "locked": false,
          "meta": Object {
            "auto_added": false,
            "managed_by_apps": false,
            "managed_by_argo_tunnel": false,
            "source": "primary",
          },
          "modified_on": "2020-04-26T01:15:45.572109Z",
          "name": "erkang.com",
          "priority": 10,
          "proxiable": false,
          "proxied": false,
          "ttl": 1,
          "type": "MX",
          "zone_id": "404fee157799ba12d44a636528ac7c8e",
          "zone_name": "erkang.com",
        },
      },
    ],
    "_type": "cloudflare_dns_record",
    "autoAdded": false,
    "content": "aspmx5.googlemail.com",
    "createdOn": 1587863745572,
    "displayName": "erkang.com",
    "id": "751ae08f9a3ad8d70fc063e97d60bfb7",
    "locked": false,
    "managedByApps": false,
    "managedByArgoTunnel": false,
    "modifiedOn": 1587863745572,
    "name": "erkang.com",
    "priority": 10,
    "proxiable": false,
    "proxied": false,
    "source": "primary",
    "ttl": 1,
    "type": "MX",
    "value": "aspmx5.googlemail.com",
    "zoneId": "404fee157799ba12d44a636528ac7c8e",
    "zoneName": "erkang.com",
  },
  Object {
    "TTL": 1,
    "_class": Array [
      "DomainRecord",
    ],
    "_key": "cloudflare_dns_record:6b82826362e4415e205a74f2c6dbcb67",
    "_rawData": Array [
      Object {
        "name": "default",
        "rawData": Object {
          "content": "alt2.aspmx.l.google.com",
          "created_on": "2020-04-26T01:15:45.566175Z",
          "id": "6b82826362e4415e205a74f2c6dbcb67",
          "locked": false,
          "meta": Object {
            "auto_added": false,
            "managed_by_apps": false,
            "managed_by_argo_tunnel": false,
            "source": "primary",
          },
          "modified_on": "2020-04-26T01:15:45.566175Z",
          "name": "erkang.com",
          "priority": 5,
          "proxiable": false,
          "proxied": false,
          "ttl": 1,
          "type": "MX",
          "zone_id": "404fee157799ba12d44a636528ac7c8e",
          "zone_name": "erkang.com",
        },
      },
    ],
    "_type": "cloudflare_dns_record",
    "autoAdded": false,
    "content": "alt2.aspmx.l.google.com",
    "createdOn": 1587863745566,
    "displayName": "erkang.com",
    "id": "6b82826362e4415e205a74f2c6dbcb67",
    "locked": false,
    "managedByApps": false,
    "managedByArgoTunnel": false,
    "modifiedOn": 1587863745566,
    "name": "erkang.com",
    "priority": 5,
    "proxiable": false,
    "proxied": false,
    "source": "primary",
    "ttl": 1,
    "type": "MX",
    "value": "alt2.aspmx.l.google.com",
    "zoneId": "404fee157799ba12d44a636528ac7c8e",
    "zoneName": "erkang.com",
  },
  Object {
    "TTL": 1,
    "_class": Array [
      "DomainRecord",
    ],
    "_key": "cloudflare_dns_record:86ddfaac6c84e8165f6936daafb12773",
    "_rawData": Array [
      Object {
        "name": "default",
        "rawData": Object {
          "content": "alt1.aspmx.l.google.com",
          "created_on": "2020-04-26T01:15:45.560978Z",
          "id": "86ddfaac6c84e8165f6936daafb12773",
          "locked": false,
          "meta": Object {
            "auto_added": false,
            "managed_by_apps": false,
            "managed_by_argo_tunnel": false,
            "source": "primary",
          },
          "modified_on": "2020-04-26T01:15:45.560978Z",
          "name": "erkang.com",
          "priority": 5,
          "proxiable": false,
          "proxied": false,
          "ttl": 1,
          "type": "MX",
          "zone_id": "404fee157799ba12d44a636528ac7c8e",
          "zone_name": "erkang.com",
        },
      },
    ],
    "_type": "cloudflare_dns_record",
    "autoAdded": false,
    "content": "alt1.aspmx.l.google.com",
    "createdOn": 1587863745560,
    "displayName": "erkang.com",
    "id": "86ddfaac6c84e8165f6936daafb12773",
    "locked": false,
    "managedByApps": false,
    "managedByArgoTunnel": false,
    "modifiedOn": 1587863745560,
    "name": "erkang.com",
    "priority": 5,
    "proxiable": false,
    "proxied": false,
    "source": "primary",
    "ttl": 1,
    "type": "MX",
    "value": "alt1.aspmx.l.google.com",
    "zoneId": "404fee157799ba12d44a636528ac7c8e",
    "zoneName": "erkang.com",
  },
  Object {
    "TTL": 1,
    "_class": Array [
      "DomainRecord",
    ],
    "_key": "cloudflare_dns_record:b157e36525fcb77e737de723b8882b51",
    "_rawData": Array [
      Object {
        "name": "default",
        "rawData": Object {
          "content": "wjjqvgk3mj6d3q60jx7qcjxp9gbv9bzz",
          "created_on": "2020-04-26T15:44:35.068508Z",
          "id": "b157e36525fcb77e737de723b8882b51",
          "locked": false,
          "meta": Object {
            "auto_added": false,
            "managed_by_apps": false,
            "managed_by_argo_tunnel": false,
            "source": "primary",
          },
          "modified_on": "2020-04-26T15:44:35.068508Z",
          "name": "erkang.com",
          "proxiable": false,
          "proxied": false,
          "ttl": 1,
          "type": "TXT",
          "zone_id": "404fee157799ba12d44a636528ac7c8e",
          "zone_name": "erkang.com",
        },
      },
    ],
    "_type": "cloudflare_dns_record",
    "autoAdded": false,
    "content": "wjjqvgk3mj6d3q60jx7qcjxp9gbv9bzz",
    "createdOn": 1587915875068,
    "displayName": "erkang.com",
    "id": "b157e36525fcb77e737de723b8882b51",
    "locked": false,
    "managedByApps": false,
    "managedByArgoTunnel": false,
    "modifiedOn": 1587915875068,
    "name": "erkang.com",
    "proxiable": false,
    "proxied": false,
    "source": "primary",
    "ttl": 1,
    "type": "TXT",
    "value": "wjjqvgk3mj6d3q60jx7qcjxp9gbv9bzz",
    "zoneId": "404fee157799ba12d44a636528ac7c8e",
    "zoneName": "erkang.com",
  },
  Object {
    "TTL": 1,
    "_class": Array [
      "DomainRecord",
    ],
    "_key": "cloudflare_dns_record:e0f3203b6361053733f0913421d72b0e",
    "_rawData": Array [
      Object {
        "name": "default",
        "rawData": Object {
          "content": "keybase-site-verification=pehj0NAVJIWRNnmWi5hdRwJ7tUmWFO7bWE607ToZJCo",
          "created_on": "2020-04-26T01:15:45.554774Z",
          "id": "e0f3203b6361053733f0913421d72b0e",
          "locked": false,
          "meta": Object {
            "auto_added": false,
            "managed_by_apps": false,
            "managed_by_argo_tunnel": false,
            "source": "primary",
          },
          "modified_on": "2020-04-26T01:15:45.554774Z",
          "name": "erkang.com",
          "proxiable": false,
          "proxied": false,
          "ttl": 1,
          "type": "TXT",
          "zone_id": "404fee157799ba12d44a636528ac7c8e",
          "zone_name": "erkang.com",
        },
      },
    ],
    "_type": "cloudflare_dns_record",
    "autoAdded": false,
    "content": "keybase-site-verification=pehj0NAVJIWRNnmWi5hdRwJ7tUmWFO7bWE607ToZJCo",
    "createdOn": 1587863745554,
    "displayName": "erkang.com",
    "id": "e0f3203b6361053733f0913421d72b0e",
    "locked": false,
    "managedByApps": false,
    "managedByArgoTunnel": false,
    "modifiedOn": 1587863745554,
    "name": "erkang.com",
    "proxiable": false,
    "proxied": false,
    "source": "primary",
    "ttl": 1,
    "type": "TXT",
    "value": "keybase-site-verification=pehj0NAVJIWRNnmWi5hdRwJ7tUmWFO7bWE607ToZJCo",
    "zoneId": "404fee157799ba12d44a636528ac7c8e",
    "zoneName": "erkang.com",
  },
  Object {
    "TTL": 1,
    "_class": Array [
      "DomainRecord",
    ],
    "_key": "cloudflare_dns_record:9f872ffe7132b9e4172cbe35f2ac12bf",
    "_rawData": Array [
      Object {
        "name": "default",
        "rawData": Object {
          "content": "keybase-site-verification=vaFDGPjVkv0uUcD47VYyZAu154ZLviWKozqaJYRFFFc",
          "created_on": "2020-04-26T01:15:45.548325Z",
          "id": "9f872ffe7132b9e4172cbe35f2ac12bf",
          "locked": false,
          "meta": Object {
            "auto_added": false,
            "managed_by_apps": false,
            "managed_by_argo_tunnel": false,
            "source": "primary",
          },
          "modified_on": "2020-04-26T01:15:45.548325Z",
          "name": "erkang.com",
          "proxiable": false,
          "proxied": false,
          "ttl": 1,
          "type": "TXT",
          "zone_id": "404fee157799ba12d44a636528ac7c8e",
          "zone_name": "erkang.com",
        },
      },
    ],
    "_type": "cloudflare_dns_record",
    "autoAdded": false,
    "content": "keybase-site-verification=vaFDGPjVkv0uUcD47VYyZAu154ZLviWKozqaJYRFFFc",
    "createdOn": 1587863745548,
    "displayName": "erkang.com",
    "id": "9f872ffe7132b9e4172cbe35f2ac12bf",
    "locked": false,
    "managedByApps": false,
    "managedByArgoTunnel": false,
    "modifiedOn": 1587863745548,
    "name": "erkang.com",
    "proxiable": false,
    "proxied": false,
    "source": "primary",
    "ttl": 1,
    "type": "TXT",
    "value": "keybase-site-verification=vaFDGPjVkv0uUcD47VYyZAu154ZLviWKozqaJYRFFFc",
    "zoneId": "404fee157799ba12d44a636528ac7c8e",
    "zoneName": "erkang.com",
  },
  Object {
    "TTL": 1,
    "_class": Array [
      "DomainRecord",
    ],
    "_key": "cloudflare_dns_record:d989bf159d2f6056727942222ee874ae",
    "_rawData": Array [
      Object {
        "name": "default",
        "rawData": Object {
          "content": "v=spf1 a mx ptr include:google.com ~all",
          "created_on": "2020-04-26T01:15:45.54109Z",
          "id": "d989bf159d2f6056727942222ee874ae",
          "locked": false,
          "meta": Object {
            "auto_added": false,
            "managed_by_apps": false,
            "managed_by_argo_tunnel": false,
            "source": "primary",
          },
          "modified_on": "2020-04-26T01:15:45.54109Z",
          "name": "erkang.com",
          "proxiable": false,
          "proxied": false,
          "ttl": 1,
          "type": "TXT",
          "zone_id": "404fee157799ba12d44a636528ac7c8e",
          "zone_name": "erkang.com",
        },
      },
    ],
    "_type": "cloudflare_dns_record",
    "autoAdded": false,
    "content": "v=spf1 a mx ptr include:google.com ~all",
    "createdOn": 1587863745541,
    "displayName": "erkang.com",
    "id": "d989bf159d2f6056727942222ee874ae",
    "locked": false,
    "managedByApps": false,
    "managedByArgoTunnel": false,
    "modifiedOn": 1587863745541,
    "name": "erkang.com",
    "proxiable": false,
    "proxied": false,
    "source": "primary",
    "ttl": 1,
    "type": "TXT",
    "value": "v=spf1 a mx ptr include:google.com ~all",
    "zoneId": "404fee157799ba12d44a636528ac7c8e",
    "zoneName": "erkang.com",
  },
]
`;

exports[`should process zone entities 2`] = `
Array [
  Object {
    "_class": "HAS",
    "_fromEntityKey": "cloudflare_account:209732935e34e48e396793c87747fb54",
    "_key": "cloudflare_account:209732935e34e48e396793c87747fb54|has|cloudflare_dns_zone:404fee157799ba12d44a636528ac7c8e",
    "_toEntityKey": "cloudflare_dns_zone:404fee157799ba12d44a636528ac7c8e",
    "_type": "cloudflare_account_has_dns_zone",
    "displayName": "HAS",
  },
  Object {
    "_class": "HAS",
    "_fromEntityKey": "cloudflare_dns_zone:404fee157799ba12d44a636528ac7c8e",
    "_key": "cloudflare_dns_zone:404fee157799ba12d44a636528ac7c8e|has|cloudflare_dns_record:2df84cd0993c2bd7d688cc1746fded19",
    "_toEntityKey": "cloudflare_dns_record:2df84cd0993c2bd7d688cc1746fded19",
    "_type": "cloudflare_dns_zone_has_record",
    "displayName": "HAS",
  },
  Object {
    "_class": "HAS",
    "_fromEntityKey": "cloudflare_dns_zone:404fee157799ba12d44a636528ac7c8e",
    "_key": "cloudflare_dns_zone:404fee157799ba12d44a636528ac7c8e|has|cloudflare_dns_record:4131a52ae53afc33d2aa8f28245463c6",
    "_toEntityKey": "cloudflare_dns_record:4131a52ae53afc33d2aa8f28245463c6",
    "_type": "cloudflare_dns_zone_has_record",
    "displayName": "HAS",
  },
  Object {
    "_class": "HAS",
    "_fromEntityKey": "cloudflare_dns_zone:404fee157799ba12d44a636528ac7c8e",
    "_key": "cloudflare_dns_zone:404fee157799ba12d44a636528ac7c8e|has|cloudflare_dns_record:7d11eb22e747500e64d607009613d0f8",
    "_toEntityKey": "cloudflare_dns_record:7d11eb22e747500e64d607009613d0f8",
    "_type": "cloudflare_dns_zone_has_record",
    "displayName": "HAS",
  },
  Object {
    "_class": "HAS",
    "_fromEntityKey": "cloudflare_dns_zone:404fee157799ba12d44a636528ac7c8e",
    "_key": "cloudflare_dns_zone:404fee157799ba12d44a636528ac7c8e|has|cloudflare_dns_record:fe3a0c48c6d10bf2cfb0db6f6365ccf5",
    "_toEntityKey": "cloudflare_dns_record:fe3a0c48c6d10bf2cfb0db6f6365ccf5",
    "_type": "cloudflare_dns_zone_has_record",
    "displayName": "HAS",
  },
  Object {
    "_class": "HAS",
    "_fromEntityKey": "cloudflare_dns_zone:404fee157799ba12d44a636528ac7c8e",
    "_key": "cloudflare_dns_zone:404fee157799ba12d44a636528ac7c8e|has|cloudflare_dns_record:c20a53c5fcf75b6d1eb9fc0967bd5b3f",
    "_toEntityKey": "cloudflare_dns_record:c20a53c5fcf75b6d1eb9fc0967bd5b3f",
    "_type": "cloudflare_dns_zone_has_record",
    "displayName": "HAS",
  },
  Object {
    "_class": "HAS",
    "_fromEntityKey": "cloudflare_dns_zone:404fee157799ba12d44a636528ac7c8e",
    "_key": "cloudflare_dns_zone:404fee157799ba12d44a636528ac7c8e|has|cloudflare_dns_record:44daecc30a2e3dd117bc227656f76947",
    "_toEntityKey": "cloudflare_dns_record:44daecc30a2e3dd117bc227656f76947",
    "_type": "cloudflare_dns_zone_has_record",
    "displayName": "HAS",
  },
  Object {
    "_class": "HAS",
    "_fromEntityKey": "cloudflare_dns_zone:404fee157799ba12d44a636528ac7c8e",
    "_key": "cloudflare_dns_zone:404fee157799ba12d44a636528ac7c8e|has|cloudflare_dns_record:d5d9b63adfba34dfff0ada9fb34bd12d",
    "_toEntityKey": "cloudflare_dns_record:d5d9b63adfba34dfff0ada9fb34bd12d",
    "_type": "cloudflare_dns_zone_has_record",
    "displayName": "HAS",
  },
  Object {
    "_class": "HAS",
    "_fromEntityKey": "cloudflare_dns_zone:404fee157799ba12d44a636528ac7c8e",
    "_key": "cloudflare_dns_zone:404fee157799ba12d44a636528ac7c8e|has|cloudflare_dns_record:aaa6b3c317bd3948b2f65a29d8451d4c",
    "_toEntityKey": "cloudflare_dns_record:aaa6b3c317bd3948b2f65a29d8451d4c",
    "_type": "cloudflare_dns_zone_has_record",
    "displayName": "HAS",
  },
  Object {
    "_class": "HAS",
    "_fromEntityKey": "cloudflare_dns_zone:404fee157799ba12d44a636528ac7c8e",
    "_key": "cloudflare_dns_zone:404fee157799ba12d44a636528ac7c8e|has|cloudflare_dns_record:c0f2a97cec62f3b2b8e13c11eb3ba688",
    "_toEntityKey": "cloudflare_dns_record:c0f2a97cec62f3b2b8e13c11eb3ba688",
    "_type": "cloudflare_dns_zone_has_record",
    "displayName": "HAS",
  },
  Object {
    "_class": "HAS",
    "_fromEntityKey": "cloudflare_dns_zone:404fee157799ba12d44a636528ac7c8e",
    "_key": "cloudflare_dns_zone:404fee157799ba12d44a636528ac7c8e|has|cloudflare_dns_record:5efc961b99ae3f03ad6bdb51277d6a3c",
    "_toEntityKey": "cloudflare_dns_record:5efc961b99ae3f03ad6bdb51277d6a3c",
    "_type": "cloudflare_dns_zone_has_record",
    "displayName": "HAS",
  },
  Object {
    "_class": "HAS",
    "_fromEntityKey": "cloudflare_dns_zone:404fee157799ba12d44a636528ac7c8e",
    "_key": "cloudflare_dns_zone:404fee157799ba12d44a636528ac7c8e|has|cloudflare_dns_record:d8bd4da497f24f7d6b8aa221ca7c41c4",
    "_toEntityKey": "cloudflare_dns_record:d8bd4da497f24f7d6b8aa221ca7c41c4",
    "_type": "cloudflare_dns_zone_has_record",
    "displayName": "HAS",
  },
  Object {
    "_class": "HAS",
    "_fromEntityKey": "cloudflare_dns_zone:404fee157799ba12d44a636528ac7c8e",
    "_key": "cloudflare_dns_zone:404fee157799ba12d44a636528ac7c8e|has|cloudflare_dns_record:d191fae8e7fd047561b23a29962c59cd",
    "_toEntityKey": "cloudflare_dns_record:d191fae8e7fd047561b23a29962c59cd",
    "_type": "cloudflare_dns_zone_has_record",
    "displayName": "HAS",
  },
  Object {
    "_class": "HAS",
    "_fromEntityKey": "cloudflare_dns_zone:404fee157799ba12d44a636528ac7c8e",
    "_key": "cloudflare_dns_zone:404fee157799ba12d44a636528ac7c8e|has|cloudflare_dns_record:fd79d98432a95db078695005eb4c35ac",
    "_toEntityKey": "cloudflare_dns_record:fd79d98432a95db078695005eb4c35ac",
    "_type": "cloudflare_dns_zone_has_record",
    "displayName": "HAS",
  },
  Object {
    "_class": "HAS",
    "_fromEntityKey": "cloudflare_dns_zone:404fee157799ba12d44a636528ac7c8e",
    "_key": "cloudflare_dns_zone:404fee157799ba12d44a636528ac7c8e|has|cloudflare_dns_record:4e86b2e4a519dc909753475e11c8238a",
    "_toEntityKey": "cloudflare_dns_record:4e86b2e4a519dc909753475e11c8238a",
    "_type": "cloudflare_dns_zone_has_record",
    "displayName": "HAS",
  },
  Object {
    "_class": "HAS",
    "_fromEntityKey": "cloudflare_dns_zone:404fee157799ba12d44a636528ac7c8e",
    "_key": "cloudflare_dns_zone:404fee157799ba12d44a636528ac7c8e|has|cloudflare_dns_record:e450cbedf4a947831b75bc4f767483ca",
    "_toEntityKey": "cloudflare_dns_record:e450cbedf4a947831b75bc4f767483ca",
    "_type": "cloudflare_dns_zone_has_record",
    "displayName": "HAS",
  },
  Object {
    "_class": "HAS",
    "_fromEntityKey": "cloudflare_dns_zone:404fee157799ba12d44a636528ac7c8e",
    "_key": "cloudflare_dns_zone:404fee157799ba12d44a636528ac7c8e|has|cloudflare_dns_record:e387525274f19242013b9dcde02eb0ac",
    "_toEntityKey": "cloudflare_dns_record:e387525274f19242013b9dcde02eb0ac",
    "_type": "cloudflare_dns_zone_has_record",
    "displayName": "HAS",
  },
  Object {
    "_class": "HAS",
    "_fromEntityKey": "cloudflare_dns_zone:404fee157799ba12d44a636528ac7c8e",
    "_key": "cloudflare_dns_zone:404fee157799ba12d44a636528ac7c8e|has|cloudflare_dns_record:10b088eec141d97fe9aa7c8c4c7c1287",
    "_toEntityKey": "cloudflare_dns_record:10b088eec141d97fe9aa7c8c4c7c1287",
    "_type": "cloudflare_dns_zone_has_record",
    "displayName": "HAS",
  },
  Object {
    "_class": "HAS",
    "_fromEntityKey": "cloudflare_dns_zone:404fee157799ba12d44a636528ac7c8e",
    "_key": "cloudflare_dns_zone:404fee157799ba12d44a636528ac7c8e|has|cloudflare_dns_record:10ce88d42ce8cb7297ddd30568a3ffca",
    "_toEntityKey": "cloudflare_dns_record:10ce88d42ce8cb7297ddd30568a3ffca",
    "_type": "cloudflare_dns_zone_has_record",
    "displayName": "HAS",
  },
  Object {
    "_class": "HAS",
    "_fromEntityKey": "cloudflare_dns_zone:404fee157799ba12d44a636528ac7c8e",
    "_key": "cloudflare_dns_zone:404fee157799ba12d44a636528ac7c8e|has|cloudflare_dns_record:28c1007471b8aecff5c3b1ac3cc687c4",
    "_toEntityKey": "cloudflare_dns_record:28c1007471b8aecff5c3b1ac3cc687c4",
    "_type": "cloudflare_dns_zone_has_record",
    "displayName": "HAS",
  },
  Object {
    "_class": "HAS",
    "_fromEntityKey": "cloudflare_dns_zone:404fee157799ba12d44a636528ac7c8e",
    "_key": "cloudflare_dns_zone:404fee157799ba12d44a636528ac7c8e|has|cloudflare_dns_record:751ae08f9a3ad8d70fc063e97d60bfb7",
    "_toEntityKey": "cloudflare_dns_record:751ae08f9a3ad8d70fc063e97d60bfb7",
    "_type": "cloudflare_dns_zone_has_record",
    "displayName": "HAS",
  },
  Object {
    "_class": "HAS",
    "_fromEntityKey": "cloudflare_dns_zone:404fee157799ba12d44a636528ac7c8e",
    "_key": "cloudflare_dns_zone:404fee157799ba12d44a636528ac7c8e|has|cloudflare_dns_record:6b82826362e4415e205a74f2c6dbcb67",
    "_toEntityKey": "cloudflare_dns_record:6b82826362e4415e205a74f2c6dbcb67",
    "_type": "cloudflare_dns_zone_has_record",
    "displayName": "HAS",
  },
  Object {
    "_class": "HAS",
    "_fromEntityKey": "cloudflare_dns_zone:404fee157799ba12d44a636528ac7c8e",
    "_key": "cloudflare_dns_zone:404fee157799ba12d44a636528ac7c8e|has|cloudflare_dns_record:86ddfaac6c84e8165f6936daafb12773",
    "_toEntityKey": "cloudflare_dns_record:86ddfaac6c84e8165f6936daafb12773",
    "_type": "cloudflare_dns_zone_has_record",
    "displayName": "HAS",
  },
  Object {
    "_class": "HAS",
    "_fromEntityKey": "cloudflare_dns_zone:404fee157799ba12d44a636528ac7c8e",
    "_key": "cloudflare_dns_zone:404fee157799ba12d44a636528ac7c8e|has|cloudflare_dns_record:b157e36525fcb77e737de723b8882b51",
    "_toEntityKey": "cloudflare_dns_record:b157e36525fcb77e737de723b8882b51",
    "_type": "cloudflare_dns_zone_has_record",
    "displayName": "HAS",
  },
  Object {
    "_class": "HAS",
    "_fromEntityKey": "cloudflare_dns_zone:404fee157799ba12d44a636528ac7c8e",
    "_key": "cloudflare_dns_zone:404fee157799ba12d44a636528ac7c8e|has|cloudflare_dns_record:e0f3203b6361053733f0913421d72b0e",
    "_toEntityKey": "cloudflare_dns_record:e0f3203b6361053733f0913421d72b0e",
    "_type": "cloudflare_dns_zone_has_record",
    "displayName": "HAS",
  },
  Object {
    "_class": "HAS",
    "_fromEntityKey": "cloudflare_dns_zone:404fee157799ba12d44a636528ac7c8e",
    "_key": "cloudflare_dns_zone:404fee157799ba12d44a636528ac7c8e|has|cloudflare_dns_record:9f872ffe7132b9e4172cbe35f2ac12bf",
    "_toEntityKey": "cloudflare_dns_record:9f872ffe7132b9e4172cbe35f2ac12bf",
    "_type": "cloudflare_dns_zone_has_record",
    "displayName": "HAS",
  },
  Object {
    "_class": "HAS",
    "_fromEntityKey": "cloudflare_dns_zone:404fee157799ba12d44a636528ac7c8e",
    "_key": "cloudflare_dns_zone:404fee157799ba12d44a636528ac7c8e|has|cloudflare_dns_record:d989bf159d2f6056727942222ee874ae",
    "_toEntityKey": "cloudflare_dns_record:d989bf159d2f6056727942222ee874ae",
    "_type": "cloudflare_dns_zone_has_record",
    "displayName": "HAS",
  },
]
`;
